estrutura de hashing perfeito criada
chave: 75
YZA
14
chave: 10
ABC
6
chave: 22
DEF
7
chave: 37
GHI
8
chave: 40
JKL
9
chave: 52
MNO
10
chave: 60
PQR
11
chave: 70
STU
12
chave: 72
VWX
13
chave nao encontrada: 51
chave nao encontrada: 12
chave nao encontrada: 0
6240
